exports[`App renders empty when media access is denied 1`] = `<App />`;

exports[`App renders empty while loading 1`] = `<App />`;

exports[`App renders the video URL from the stream 1`] = `
<App>
  <video
    autoPlay={true}
    className="fullscreen-video"
    loop={true}
    muted={true}
    src="http://localhost/e75dbc24-dd2c-4157-bf0e-f0a7773e98c8" />
</App>
`;
